// Jest Snapshot v1, https://goo.gl/fbAQLP

exports[`community matches snapshot 1`] = `undefined`;
